[2026-06-02T15:51:20.274781] Jora: 45 条
[2026-06-02T15:51:29.735602] Hiredly: 14 条
[2026-06-02T15:51:30.283760] Maukerja: 0 条
[2026-06-02T15:51:30.575968] MyFutureJobs: 0 条 (如为空则需 Playwright)
[2026-06-02T15:54:04.703284] Jora: 60 条
[2026-06-02T15:54:06.746251] Hiredly: 23 条
[2026-06-02T15:54:11.281785] Maukerja: 9 条
[2026-06-02T15:54:21.846806] MyFutureJobs: 34 条
[2026-06-02T15:55:37.542904] Jora: 60 条
[2026-06-02T15:55:41.096069] Hiredly: 23 条
[2026-06-02T15:55:46.921149] Maukerja: 9 条
[2026-06-02T15:55:57.267746] MyFutureJobs: 34 条
[2026-06-02T16:23:23.092572] Jora: 60 条
[2026-06-02T16:23:25.206139] Hiredly: 23 条
[2026-06-02T16:23:30.994010] Maukerja: 9 条
[2026-06-02T16:23:41.362751] MyFutureJobs: 34 条
[2026-06-02T16:23:41.363005] FB 合并: 3 条
[2026-06-02T16:40:46.191571] Jora: 60 条
[2026-06-02T16:40:48.083793] Hiredly: 23 条
[2026-06-02T16:40:54.176596] Maukerja: 9 条
[2026-06-02T16:41:04.631400] MyFutureJobs: 34 条
[2026-06-02T16:41:04.631650] FB 合并: 7 条
[2026-06-02T19:08:48.861114] Jora: 60 条
[2026-06-02T19:08:51.409606] Hiredly: 23 条
[2026-06-02T19:08:58.008725] Maukerja: 9 条
[2026-06-02T19:09:08.419376] MyFutureJobs: 34 条
[2026-06-02T19:09:08.420690] FB 合并: 7 条
[2026-06-02T19:38:16.272677] Jora: 60 条
[2026-06-02T19:38:18.189631] Hiredly: 23 条
[2026-06-02T19:38:24.496265] Maukerja: 9 条
[2026-06-02T19:38:34.984699] MyFutureJobs: 34 条
[2026-06-02T19:38:34.984848] 共 53 条 (去重后)
[2026-06-02T20:11:47.335162] Jora: 60 条
[2026-06-02T20:11:49.268396] Hiredly: 23 条
[2026-06-02T20:11:54.311852] Maukerja: 9 条
[2026-06-02T20:12:04.834830] MyFutureJobs: 34 条
[2026-06-02T20:12:04.835027] 共 53 条 (去重后)
[2026-06-02T20:52:23.829241] Jora: 60 条
[2026-06-02T20:52:25.569595] Hiredly: 23 条
[2026-06-02T20:52:30.934861] Maukerja: 9 条
[2026-06-02T20:52:41.649606] MyFutureJobs: 34 条
[2026-06-02T20:52:41.649804] 共 53 条 (去重后)
[2026-06-02T20:57:19.151971] Jora: 60 条
[2026-06-02T20:57:20.973342] Hiredly: 23 条
[2026-06-02T20:57:28.761146] Maukerja: 9 条
[2026-06-02T20:57:39.310817] MyFutureJobs: 34 条
[2026-06-02T20:57:39.311018] 共 53 条 (去重后)
[2026-06-02T20:59:20.579303] Jora: 60 条
[2026-06-02T20:59:22.948642] Hiredly: 23 条
[2026-06-02T20:59:28.558630] Maukerja: 9 条
[2026-06-02T20:59:39.429693] MyFutureJobs: 34 条
[2026-06-02T20:59:39.429865] 共 53 条 (去重后)
[2026-06-02T21:01:33.580239] Jora: 60 条
[2026-06-02T21:01:35.625630] Hiredly: 23 条
[2026-06-02T21:01:40.584845] Maukerja: 9 条
[2026-06-02T21:01:52.206749] MyFutureJobs: 34 条
[2026-06-02T21:01:52.206897] 共 53 条 (去重后)
[2026-06-03T16:55:01.672811] Jora: 60 条
[2026-06-03T16:55:03.706471] Hiredly: 22 条
[2026-06-03T16:55:09.340587] Maukerja: 9 条
[2026-06-03T16:55:19.986944] MyFutureJobs: 36 条
[2026-06-03T16:55:19.987133] 共 53 条 (去重后)
[2026-06-03T16:55:39.346698] Jora: 60 条
[2026-06-03T16:55:41.540075] Hiredly: 22 条
[2026-06-03T16:55:46.185992] Maukerja: 9 条
[2026-06-03T16:55:58.672305] MyFutureJobs: 36 条
[2026-06-03T16:55:58.672451] 共 53 条 (去重后)
[2026-06-03T16:56:22.911506] Jora: 60 条
[2026-06-03T16:56:25.278219] Hiredly: 22 条
[2026-06-03T16:56:32.354765] Maukerja: 9 条
[2026-06-03T16:56:42.773318] MyFutureJobs: 36 条
[2026-06-03T16:56:42.773461] 共 53 条 (去重后)
[2026-06-03T17:03:13.451716] Jora: 60 条
[2026-06-03T17:03:15.987125] Hiredly: 22 条
[2026-06-03T17:03:21.139087] Maukerja: 9 条
[2026-06-03T17:03:31.647504] MyFutureJobs: 36 条
[2026-06-03T17:03:31.647672] 共 53 条 (去重后)
[2026-06-03T17:10:01.828294] Jora: 60 条
[2026-06-03T17:10:04.292836] Hiredly: 22 条
[2026-06-03T17:10:10.305763] Maukerja: 9 条
[2026-06-03T17:10:22.300524] MyFutureJobs: 36 条
[2026-06-03T17:10:22.300676] 共 53 条 (去重后)
[2026-06-03T17:19:54.201790] Jora: 60 条
[2026-06-03T17:19:56.390247] Hiredly: 22 条
[2026-06-03T17:20:01.167055] Maukerja: 9 条
[2026-06-03T17:20:11.945585] MyFutureJobs: 36 条
[2026-06-03T17:20:11.945820] 共 54 条 (去重后)
[2026-06-04T08:07:38.128081] Jora: 60 条
[2026-06-04T08:07:39.489114] Hiredly: 22 条
[2026-06-04T08:07:46.353242] Maukerja: 9 条
[2026-06-04T08:07:56.648854] MyFutureJobs: 36 条
[2026-06-04T08:07:56.648998] 共 53 条 (去重后)
[2026-06-04T16:05:03.862955] Jora: 60 条
[2026-06-04T16:05:06.048748] Hiredly: 22 条
[2026-06-04T16:05:12.691275] Maukerja: 9 条
[2026-06-04T16:05:23.168863] MyFutureJobs: 38 条
[2026-06-04T16:05:23.169050] 共 54 条 (去重后)
[2026-06-05T08:16:24.896355] Jora: 60 条
[2026-06-05T08:16:26.452825] Hiredly: 22 条
[2026-06-05T08:16:31.529354] Maukerja: 8 条
[2026-06-05T08:16:42.081531] MyFutureJobs: 38 条
[2026-06-05T08:16:42.081748] 共 54 条 (去重后)
[2026-06-05T16:09:45.406854] Jora: 60 条
[2026-06-05T16:09:47.472827] Hiredly: 22 条
[2026-06-05T16:10:18.103194] Playwright 抓取失败 [https://www.maukerja.my/jobsearch/chef-jobs-in-johor-bahru]: Page.goto: Timeout 30000ms exceeded.
Call log:
  - navigating to "https://www.maukerja.my/jobsearch/chef-jobs-in-johor-bahru", waiting until "networkidle"

[2026-06-05T16:10:18.148099] Maukerja: 0 条
[2026-06-05T16:10:28.714701] MyFutureJobs: 40 条
[2026-06-05T16:10:28.714906] 共 47 条 (去重后)
[2026-06-06T08:07:46.980781] Jora: 60 条
[2026-06-06T08:07:49.851023] Hiredly: 22 条
[2026-06-06T08:08:03.758051] Maukerja: 8 条
[2026-06-06T08:08:34.325531] Playwright 抓取失败 [https://candidates.myfuturejobs.gov.my/search-jobs?what=chef&where=Johor%20Bahru]: Page.goto: Timeout 30000ms exceeded.
Call log:
  - navigating to "https://candidates.myfuturejobs.gov.my/search-jobs?what=chef&where=Johor%20Bahru", waiting until "networkidle"

[2026-06-06T08:08:34.372770] MyFutureJobs: 0 条
[2026-06-06T08:08:34.372946] 共 36 条 (去重后)
[2026-06-06T16:07:42.580736] Jora: 60 条
[2026-06-06T16:07:46.844075] Hiredly: 22 条
[2026-06-06T16:08:17.756555] Playwright 抓取失败 [https://www.maukerja.my/jobsearch/chef-jobs-in-johor-bahru]: Page.goto: Timeout 30000ms exceeded.
Call log:
  - navigating to "https://www.maukerja.my/jobsearch/chef-jobs-in-johor-bahru", waiting until "networkidle"

[2026-06-06T16:08:17.833931] Maukerja: 0 条
[2026-06-06T16:08:48.368155] Playwright 抓取失败 [https://candidates.myfuturejobs.gov.my/search-jobs?what=chef&where=Johor%20Bahru]: Page.goto: Timeout 30000ms exceeded.
Call log:
  - navigating to "https://candidates.myfuturejobs.gov.my/search-jobs?what=chef&where=Johor%20Bahru", waiting until "networkidle"

[2026-06-06T16:08:48.412021] MyFutureJobs: 0 条
[2026-06-06T16:08:48.412183] 共 28 条 (去重后)
[2026-06-06T16:14:02.337236] Jora: 60 条
[2026-06-06T16:14:05.515533] Hiredly: 22 条
[2026-06-06T16:14:19.116678] Maukerja: 8 条
[2026-06-06T16:14:49.655633] Playwright 抓取失败 [https://candidates.myfuturejobs.gov.my/search-jobs?what=chef&where=Johor%20Bahru]: Page.goto: Timeout 30000ms exceeded.
Call log:
  - navigating to "https://candidates.myfuturejobs.gov.my/search-jobs?what=chef&where=Johor%20Bahru", waiting until "networkidle"

[2026-06-06T16:14:49.701516] MyFutureJobs: 0 条
[2026-06-06T16:14:49.701649] 共 36 条 (去重后)
[2026-06-06T22:02:13.911896] Jora: 60 条
[2026-06-06T22:02:20.639494] Hiredly: 22 条
[2026-06-06T22:02:51.674536] Playwright 抓取失败 [https://www.maukerja.my/jobsearch/chef-jobs-in-johor-bahru]: Page.goto: Timeout 30000ms exceeded.
Call log:
  - navigating to "https://www.maukerja.my/jobsearch/chef-jobs-in-johor-bahru", waiting until "networkidle"

[2026-06-06T22:02:51.747822] Maukerja: 0 条
[2026-06-06T22:03:22.238584] Playwright 抓取失败 [https://candidates.myfuturejobs.gov.my/search-jobs?what=chef&where=Johor%20Bahru]: Page.goto: Timeout 30000ms exceeded.
Call log:
  - navigating to "https://candidates.myfuturejobs.gov.my/search-jobs?what=chef&where=Johor%20Bahru", waiting until "networkidle"

[2026-06-06T22:03:22.289265] MyFutureJobs: 0 条
[2026-06-06T22:03:22.289393] 共 28 条 (去重后)
[2026-06-06T22:07:10.843639] Jora: 60 条
[2026-06-06T22:07:14.078490] Hiredly: 22 条
[2026-06-06T22:08:05.823532] Jora: 60 条
[2026-06-06T22:08:10.057604] Hiredly: 22 条
[2026-06-06T22:08:26.908632] Maukerja: 8 条
[2026-06-06T22:08:57.412191] Playwright 抓取失败 [https://candidates.myfuturejobs.gov.my/search-jobs?what=chef&where=Johor%20Bahru]: Page.goto: Timeout 30000ms exceeded.
Call log:
  - navigating to "https://candidates.myfuturejobs.gov.my/search-jobs?what=chef&where=Johor%20Bahru", waiting until "networkidle"

[2026-06-06T22:08:57.463936] MyFutureJobs: 0 条
[2026-06-06T22:08:57.464109] 共 36 条 (去重后)
[2026-06-06T22:09:43.031554] Jora: 60 条
[2026-06-06T22:09:46.745843] Hiredly: 22 条
[2026-06-06T22:10:08.565593] Maukerja: 8 条
[2026-06-06T22:10:39.106907] Playwright 抓取失败 [https://candidates.myfuturejobs.gov.my/search-jobs?what=chef&where=Johor%20Bahru]: Page.goto: Timeout 30000ms exceeded.
Call log:
  - navigating to "https://candidates.myfuturejobs.gov.my/search-jobs?what=chef&where=Johor%20Bahru", waiting until "networkidle"

[2026-06-06T22:10:39.153036] MyFutureJobs: 0 条
[2026-06-06T22:10:39.153255] 共 36 条 (去重后)
[2026-06-06T22:12:13.881504] Jora: 60 条
[2026-06-06T22:12:17.338214] Hiredly: 22 条
[2026-06-06T22:12:32.928191] Playwright 抓取失败 [https://www.maukerja.my/jobsearch/chef-jobs-in-johor-bahru]: Page.goto: Timeout 15000ms exceeded.
Call log:
  - navigating to "https://www.maukerja.my/jobsearch/chef-jobs-in-johor-bahru", waiting until "load"

[2026-06-06T22:12:32.987984] Maukerja: 0 条
[2026-06-06T22:12:48.458007] Playwright 抓取失败 [https://candidates.myfuturejobs.gov.my/search-jobs?what=chef&where=Johor%20Bahru]: Page.goto: Timeout 15000ms exceeded.
Call log:
  - navigating to "https://candidates.myfuturejobs.gov.my/search-jobs?what=chef&where=Johor%20Bahru", waiting until "load"

[2026-06-06T22:12:48.499798] MyFutureJobs: 0 条
[2026-06-06T22:12:48.499926] 共 28 条 (去重后)
[2026-06-07T06:08:26.761391] Jora: 60 条
[2026-06-07T06:08:30.281544] Hiredly: 22 条
[2026-06-07T06:08:46.211499] Playwright 抓取失败 [https://www.maukerja.my/jobsearch/chef-jobs-in-johor-bahru]: Page.goto: Timeout 15000ms exceeded.
Call log:
  - navigating to "https://www.maukerja.my/jobsearch/chef-jobs-in-johor-bahru", waiting until "load"

[2026-06-07T06:08:46.353379] Maukerja: 0 条
[2026-06-07T06:09:01.903495] Playwright 抓取失败 [https://candidates.myfuturejobs.gov.my/search-jobs?what=chef&where=Johor%20Bahru]: Page.goto: Timeout 15000ms exceeded.
Call log:
  - navigating to "https://candidates.myfuturejobs.gov.my/search-jobs?what=chef&where=Johor%20Bahru", waiting until "load"

[2026-06-07T06:09:01.977570] MyFutureJobs: 0 条
[2026-06-07T06:09:01.977813] 共 28 条 (去重后)
[2026-06-07T06:38:07.447739] Jora: 60 条
[2026-06-07T06:38:11.536766] Hiredly: 22 条
[2026-06-07T06:38:24.254384] Maukerja: 8 条
[2026-06-07T06:38:39.758145] Playwright 抓取失败 [https://candidates.myfuturejobs.gov.my/search-jobs?what=chef&where=Johor%20Bahru]: Page.goto: Timeout 15000ms exceeded.
Call log:
  - navigating to "https://candidates.myfuturejobs.gov.my/search-jobs?what=chef&where=Johor%20Bahru", waiting until "load"

[2026-06-07T06:38:39.806414] MyFutureJobs: 0 条
[2026-06-07T06:38:39.806548] 共 36 条 (去重后)
[2026-06-08T06:20:55.585007] Jora: 60 条
[2026-06-08T06:21:01.238644] Hiredly: 22 条
[2026-06-08T06:21:17.171781] Playwright 抓取失败 [https://www.maukerja.my/jobsearch/chef-jobs-in-johor-bahru]: Page.goto: Timeout 15000ms exceeded.
Call log:
  - navigating to "https://www.maukerja.my/jobsearch/chef-jobs-in-johor-bahru", waiting until "load"

[2026-06-08T06:21:17.275331] Maukerja: 0 条
[2026-06-08T06:21:32.895866] Playwright 抓取失败 [https://candidates.myfuturejobs.gov.my/search-jobs?what=chef&where=Johor%20Bahru]: Page.goto: Timeout 15000ms exceeded.
Call log:
  - navigating to "https://candidates.myfuturejobs.gov.my/search-jobs?what=chef&where=Johor%20Bahru", waiting until "load"

[2026-06-08T06:21:32.956030] MyFutureJobs: 0 条
[2026-06-08T06:21:32.956384] 共 28 条 (去重后)
[2026-06-08T06:40:18.129643] Jora: 60 条
[2026-06-08T06:40:22.063699] Hiredly: 22 条
[2026-06-08T06:40:37.598772] Playwright 抓取失败 [https://www.maukerja.my/jobsearch/chef-jobs-in-johor-bahru]: Page.goto: Timeout 15000ms exceeded.
Call log:
  - navigating to "https://www.maukerja.my/jobsearch/chef-jobs-in-johor-bahru", waiting until "load"

[2026-06-08T06:40:37.659340] Maukerja: 0 条
[2026-06-08T06:40:53.153469] Playwright 抓取失败 [https://candidates.myfuturejobs.gov.my/search-jobs?what=chef&where=Johor%20Bahru]: Page.goto: Timeout 15000ms exceeded.
Call log:
  - navigating to "https://candidates.myfuturejobs.gov.my/search-jobs?what=chef&where=Johor%20Bahru", waiting until "load"

[2026-06-08T06:40:53.201965] MyFutureJobs: 0 条
[2026-06-08T06:40:53.202091] 共 28 条 (去重后)
[2026-06-09T06:06:02.105498] Jora page 1 失败: HTTPSConnectionPool(host='my.jora.com', port=443): Max retries exceeded with url: /Chef-jobs-in-Johor-Bahru-Johor (Caused by NameResolutionError("HTTPSConnection(host='my.jora.com', port=443): Failed to resolve 'my.jora.com' ([Errno -3] Temporary failure in name resolution)"))
[2026-06-09T06:06:02.105853] Jora: 0 条
[2026-06-09T06:06:12.116216] Hiredly https://my.hiredly.com/jobs-in-food-beverage/in-johor 失败: HTTPSConnectionPool(host='my.hiredly.com', port=443): Max retries exceeded with url: /jobs-in-food-beverage/in-johor (Caused by NameResolutionError("HTTPSConnection(host='my.hiredly.com', port=443): Failed to resolve 'my.hiredly.com' ([Errno -3] Temporary failure in name resolution)"))
[2026-06-09T06:06:22.127671] Hiredly https://my.hiredly.com/jobs-in-food-beverage/food-beverage-on-ground/in-johor 失败: HTTPSConnectionPool(host='my.hiredly.com', port=443): Max retries exceeded with url: /jobs-in-food-beverage/food-beverage-on-ground/in-johor (Caused by NameResolutionError("HTTPSConnection(host='my.hiredly.com', port=443): Failed to resolve 'my.hiredly.com' ([Errno -3] Temporary failure in name resolution)"))
[2026-06-09T06:06:22.127746] Hiredly: 0 条
[2026-06-09T06:06:38.102310] Playwright 抓取失败 [https://www.maukerja.my/jobsearch/chef-jobs-in-johor-bahru]: Page.goto: Timeout 15000ms exceeded.
Call log:
  - navigating to "https://www.maukerja.my/jobsearch/chef-jobs-in-johor-bahru", waiting until "load"

[2026-06-09T06:06:38.153326] Maukerja: 0 条
[2026-06-09T06:06:53.624720] Playwright 抓取失败 [https://candidates.myfuturejobs.gov.my/search-jobs?what=chef&where=Johor%20Bahru]: Page.goto: Timeout 15000ms exceeded.
Call log:
  - navigating to "https://candidates.myfuturejobs.gov.my/search-jobs?what=chef&where=Johor%20Bahru", waiting until "load"

[2026-06-09T06:06:53.687789] MyFutureJobs: 0 条
[2026-06-09T06:06:53.687857] 共 0 条 (去重后)
[2026-06-09T09:53:48.505898] Jora: 60 条
[2026-06-09T09:53:50.367578] Hiredly: 22 条
[2026-06-09T09:53:58.295997] Maukerja: 8 条
[2026-06-09T09:54:08.076648] MyFutureJobs: 38 条
[2026-06-09T09:54:08.076793] 共 54 条 (去重后)
